{
    "mouse_heart - tiff - stub": {
        "content": [
            {
                "0": [
                    [
                        {
                            "id": "mouse_heart"
                        },
                        "mouse_heart-0_0_200_200_cp_outlines.wkt:md5,d41d8cd98f00b204e9800998ecf8427e"
                    ]
                ],
                "1": [
                    
                ],
                "2": [
                    "versions.yml:md5,fd0243e4f499988b39a40759f26f9e71"
                ],
                "cp_plots": [
                    
                ],
                "versions": [
                    "versions.yml:md5,fd0243e4f499988b39a40759f26f9e71"
                ],
                "wkts": [
                    [
                        {
                            "id": "mouse_heart"
                        },
                        "mouse_heart-0_0_200_200_cp_outlines.wkt:md5,d41d8cd98f00b204e9800998ecf8427e"
                    ]
                ]
            }
        ],
        "meta": {
            "nf-test": "0.9.2",
            "nextflow": "24.10.5"
        },
        "timestamp": "2025-05-06T23:01:10.197408867"
    },
    "mouse_heart - tiff": {
        "content": [
            {
                "0": [
                    [
                        {
                            "id": "mouse_heart"
                        },
                        "mouse_heart-0_0_200_200_cp_outlines.wkt:md5,76d1d4913d3a581edbac889a672f42f3"
                    ]
                ],
                "1": [
                    
                ],
                "2": [
                    "versions.yml:md5,fd0243e4f499988b39a40759f26f9e71"
                ],
                "cp_plots": [
                    
                ],
                "versions": [
                    "versions.yml:md5,fd0243e4f499988b39a40759f26f9e71"
                ],
                "wkts": [
                    [
                        {
                            "id": "mouse_heart"
                        },
                        "mouse_heart-0_0_200_200_cp_outlines.wkt:md5,76d1d4913d3a581edbac889a672f42f3"
                    ]
                ]
            }
        ],
        "meta": {
            "nf-test": "0.9.2",
            "nextflow": "24.10.5"
        },
        "timestamp": "2025-05-06T23:00:36.584861913"
    },
    "mouse_heart - tiff - 500": {
        "content": [
            {
                "0": [
                    [
                        {
                            "id": "mouse_heart"
                        },
                        "mouse_heart-0_0_500_500_cp_outlines.wkt:md5,c8bc6acc0c45b483ca1f390d61871769"
                    ]
                ],
                "1": [
                    
                ],
                "2": [
                    "versions.yml:md5,fd0243e4f499988b39a40759f26f9e71"
                ],
                "cp_plots": [
                    
                ],
                "versions": [
                    "versions.yml:md5,fd0243e4f499988b39a40759f26f9e71"
                ],
                "wkts": [
                    [
                        {
                            "id": "mouse_heart"
                        },
                        "mouse_heart-0_0_500_500_cp_outlines.wkt:md5,c8bc6acc0c45b483ca1f390d61871769"
                    ]
                ]
            }
        ],
        "meta": {
            "nf-test": "0.9.2",
            "nextflow": "24.10.5"
        },
        "timestamp": "2025-05-06T23:00:57.120009418"
    }
}