{
    "imagesegmentationmetrics - csv - stub": {
        "content": [
            {
                "0": [
                    [
                        "meta",
                        "meta.csv:md5,d41d8cd98f00b204e9800998ecf8427e"
                    ]
                ],
                "1": [
                    "versions.yml:md5,47b071734aad846571b08ea619d443f8"
                ],
                "segmentation_metrics": [
                    [
                        "meta",
                        "meta.csv:md5,d41d8cd98f00b204e9800998ecf8427e"
                    ]
                ],
                "versions": [
                    "versions.yml:md5,47b071734aad846571b08ea619d443f8"
                ]
            }
        ],
        "meta": {
            "nf-test": "0.9.2",
            "nextflow": "24.10.4"
        },
        "timestamp": "2025-03-25T14:03:42.361033"
    },
    "imagesegmentationmetrics - csv": {
        "content": [
            {
                "0": [
                    [
                        "meta",
                        "segmentation_benchmark_results.csv:md5,040aa0a7177e7056c68aaf8ca772e5b0"
                    ]
                ],
                "1": [
                    "versions.yml:md5,47b071734aad846571b08ea619d443f8"
                ],
                "segmentation_metrics": [
                    [
                        "meta",
                        "segmentation_benchmark_results.csv:md5,040aa0a7177e7056c68aaf8ca772e5b0"
                    ]
                ],
                "versions": [
                    "versions.yml:md5,47b071734aad846571b08ea619d443f8"
                ]
            }
        ],
        "meta": {
            "nf-test": "0.9.2",
            "nextflow": "24.10.4"
        },
        "timestamp": "2025-03-25T14:03:25.427414"
    }
}