{
    "mouse_heart - tiff - stub": {
        "content": [
            {
                "0": [
                    [
                        {
                            "id": "test"
                        },
                        "test_tile_coords.csv:md5,d41d8cd98f00b204e9800998ecf8427e"
                    ]
                ],
                "1": [
                    "versions.yml:md5,20ba3b70d4bdccb62670a9d99bb2ea35"
                ],
                "tile_coords": [
                    [
                        {
                            "id": "test"
                        },
                        "test_tile_coords.csv:md5,d41d8cd98f00b204e9800998ecf8427e"
                    ]
                ],
                "versions": [
                    "versions.yml:md5,20ba3b70d4bdccb62670a9d99bb2ea35"
                ]
            }
        ],
        "meta": {
            "nf-test": "0.9.2",
            "nextflow": "24.10.5"
        },
        "timestamp": "2025-04-25T14:00:07.23102576"
    },
    "mouse_heart - tiff": {
        "content": [
            {
                "0": [
                    [
                        {
                            "id": "test"
                        },
                        "test_tile_coords.csv:md5,736ea44566b4ff52f7bcf1d46078152b"
                    ]
                ],
                "1": [
                    "versions.yml:md5,20ba3b70d4bdccb62670a9d99bb2ea35"
                ],
                "tile_coords": [
                    [
                        {
                            "id": "test"
                        },
                        "test_tile_coords.csv:md5,736ea44566b4ff52f7bcf1d46078152b"
                    ]
                ],
                "versions": [
                    "versions.yml:md5,20ba3b70d4bdccb62670a9d99bb2ea35"
                ]
            }
        ],
        "meta": {
            "nf-test": "0.9.2",
            "nextflow": "24.10.5"
        },
        "timestamp": "2025-04-25T13:59:58.301030522"
    }
}