{
    "nuclear - tif - instanseg": {
        "content": [
            {
                "0": [
                    [
                        {
                            "id": "test"
                        },
                        "test_merged.geojson:md5,50ed2ca89950dc384bdc09889962dfc2"
                    ]
                ],
                "1": [
                    "versions.yml:md5,1d6e2b331dc05b3496a477c7e8adbeee",
                    "versions.yml:md5,4859ae13b542b139121d9feca296312b",
                    "versions.yml:md5,74ae9680e8565f16244a79acbe2ef1e4"
                ],
                "geojson": [
                    [
                        {
                            "id": "test"
                        },
                        "test_merged.geojson:md5,50ed2ca89950dc384bdc09889962dfc2"
                    ]
                ],
                "versions": [
                    "versions.yml:md5,1d6e2b331dc05b3496a477c7e8adbeee",
                    "versions.yml:md5,4859ae13b542b139121d9feca296312b",
                    "versions.yml:md5,74ae9680e8565f16244a79acbe2ef1e4"
                ]
            }
        ],
        "meta": {
            "nf-test": "0.9.2",
            "nextflow": "24.10.5"
        },
        "timestamp": "2025-05-06T23:08:16.92761512"
    },
    "nuclear - tif - cellpose": {
        "content": [
            {
                "0": [
                    [
                        {
                            "id": "test"
                        },
                        "test_merged.geojson:md5,3960f226fb5ded5fefab641613ee3f12"
                    ]
                ],
                "1": [
                    "versions.yml:md5,1d6e2b331dc05b3496a477c7e8adbeee",
                    "versions.yml:md5,1eaa08f3c3bfc2b6487998c5870c6820",
                    "versions.yml:md5,4859ae13b542b139121d9feca296312b"
                ],
                "geojson": [
                    [
                        {
                            "id": "test"
                        },
                        "test_merged.geojson:md5,3960f226fb5ded5fefab641613ee3f12"
                    ]
                ],
                "versions": [
                    "versions.yml:md5,1d6e2b331dc05b3496a477c7e8adbeee",
                    "versions.yml:md5,1eaa08f3c3bfc2b6487998c5870c6820",
                    "versions.yml:md5,4859ae13b542b139121d9feca296312b"
                ]
            }
        ],
        "meta": {
            "nf-test": "0.9.2",
            "nextflow": "24.10.5"
        },
        "timestamp": "2025-05-06T23:07:12.303577971"
    },
    "nuclear - tif - deepcell": {
        "content": [
            {
                "0": [
                    [
                        {
                            "id": "test"
                        },
                        "test_merged.geojson:md5,bc2c1795bcb9c985641d97e0f9d8477c"
                    ]
                ],
                "1": [
                    "versions.yml:md5,1d6e2b331dc05b3496a477c7e8adbeee",
                    "versions.yml:md5,4859ae13b542b139121d9feca296312b",
                    "versions.yml:md5,e693a7e9c66cd7a37d9829cae2fc3648"
                ],
                "geojson": [
                    [
                        {
                            "id": "test"
                        },
                        "test_merged.geojson:md5,bc2c1795bcb9c985641d97e0f9d8477c"
                    ]
                ],
                "versions": [
                    "versions.yml:md5,1d6e2b331dc05b3496a477c7e8adbeee",
                    "versions.yml:md5,4859ae13b542b139121d9feca296312b",
                    "versions.yml:md5,e693a7e9c66cd7a37d9829cae2fc3648"
                ]
            }
        ],
        "meta": {
            "nf-test": "0.9.2",
            "nextflow": "24.10.5"
        },
        "timestamp": "2025-05-06T23:09:38.362846834"
    },
    "nuclear - tif - stardist": {
        "content": [
            {
                "0": [
                    [
                        {
                            "id": "test"
                        },
                        "test_merged.geojson:md5,590cf1b456fbae16631254f0f79121fc"
                    ]
                ],
                "1": [
                    "versions.yml:md5,1d6e2b331dc05b3496a477c7e8adbeee",
                    "versions.yml:md5,305c2355771c25305b764a1be9b39358",
                    "versions.yml:md5,4859ae13b542b139121d9feca296312b"
                ],
                "geojson": [
                    [
                        {
                            "id": "test"
                        },
                        "test_merged.geojson:md5,590cf1b456fbae16631254f0f79121fc"
                    ]
                ],
                "versions": [
                    "versions.yml:md5,1d6e2b331dc05b3496a477c7e8adbeee",
                    "versions.yml:md5,305c2355771c25305b764a1be9b39358",
                    "versions.yml:md5,4859ae13b542b139121d9feca296312b"
                ]
            }
        ],
        "meta": {
            "nf-test": "0.9.2",
            "nextflow": "24.10.5"
        },
        "timestamp": "2025-05-06T23:07:45.544643239"
    }
}