{
    "mouse_heart - tiff - stub": {
        "content": [
            {
                "0": [
                    [
                        {
                            "id": "mouse_heart"
                        },
                        "mouse_heart_0_0_200_200_deepcell_outlines.wkt:md5,d41d8cd98f00b204e9800998ecf8427e"
                    ]
                ],
                "1": [
                    "versions.yml:md5,28dca11edc707da4d3253dda2ab465be"
                ],
                "versions": [
                    "versions.yml:md5,28dca11edc707da4d3253dda2ab465be"
                ],
                "wkts": [
                    [
                        {
                            "id": "mouse_heart"
                        },
                        "mouse_heart_0_0_200_200_deepcell_outlines.wkt:md5,d41d8cd98f00b204e9800998ecf8427e"
                    ]
                ]
            }
        ],
        "meta": {
            "nf-test": "0.9.2",
            "nextflow": "24.10.5"
        },
        "timestamp": "2025-04-25T22:41:50.646530492"
    },
    "mouse_heart - tiff": {
        "content": [
            {
                "0": [
                    [
                        {
                            "id": "mouse_heart"
                        },
                        "mouse_heart_0_0_600_600_deepcell_outlines.wkt:md5,c9ed63452324e952cb3a51091738ba0b"
                    ]
                ],
                "1": [
                    "versions.yml:md5,28dca11edc707da4d3253dda2ab465be"
                ],
                "versions": [
                    "versions.yml:md5,28dca11edc707da4d3253dda2ab465be"
                ],
                "wkts": [
                    [
                        {
                            "id": "mouse_heart"
                        },
                        "mouse_heart_0_0_600_600_deepcell_outlines.wkt:md5,c9ed63452324e952cb3a51091738ba0b"
                    ]
                ]
            }
        ],
        "meta": {
            "nf-test": "0.9.2",
            "nextflow": "24.10.5"
        },
        "timestamp": "2025-04-25T22:41:38.951922808"
    }
}